i := 0 
 < i 5
:L002 jif  
vetor := i 
t1 + i 1
i := t1 
:L001 jmp  
