 t1 < 1 3
5 jif  
x := 10 
6 jmp  
x := 100 
 hlt  
