a := 0 
b := 4 
t1 < a b
:L002 jif  
t1 + a 1
a := t1 
:L001 jmp  
