a := 10 
b := 100 
t1 + 1 3
t2 - a b
t3 ** a b
t4 / t2 t3
t5 * t1 t4
c := t5 
