a := 5 
b := 12 
t1 > a b
t2 + a 1
t3 < t2 2
t4 < 5 2
t5 || t3 t4
t6 && t1 t5
12 jif  
x := 10 
13 jmp  
x := 100 
 hlt  
