a := 5 
b := 12 
t1 > a b
t2 < a b
t3 || t1 t2
9 jif  
x := 10 
10 jmp  
x := 100 
 hlt  
