 t1 < 1 3
:L001 jif  
x := 10 
:L002 jmp  
x := 100 
