a := 0 
b := 4 
t1 < a b
8 jif  
t1 + a 1
a := t1 
3 jmp  
 hlt  
