t1 + 5 9
t2 / 10 100
t3 * t1 t2
expr := t3 
 hlt  
